Archive member included to satisfy reference by file (symbol)

C:/APP/Corejiankaifa/arm-gnu-toolchain-13.3.rel1-mingw-w64-i686-arm-none-eabi/bin/../lib/gcc/arm-none-eabi/13.3.1/thumb/v7-m/nofp\libc_nano.a(libc_a-exit.o)
                              C:/APP/Corejiankaifa/arm-gnu-toolchain-13.3.rel1-mingw-w64-i686-arm-none-eabi/bin/../lib/gcc/arm-none-eabi/13.3.1/thumb/v7-m/nofp/crt0.o (exit)
C:/APP/Corejiankaifa/arm-gnu-toolchain-13.3.rel1-mingw-w64-i686-arm-none-eabi/bin/../lib/gcc/arm-none-eabi/13.3.1/thumb/v7-m/nofp\libc_nano.a(libc_a-findfp.o)
                              C:/APP/Corejiankaifa/arm-gnu-toolchain-13.3.rel1-mingw-w64-i686-arm-none-eabi/bin/../lib/gcc/arm-none-eabi/13.3.1/thumb/v7-m/nofp\libc_nano.a(libc_a-exit.o) (__stdio_exit_handler)
C:/APP/Corejiankaifa/arm-gnu-toolchain-13.3.rel1-mingw-w64-i686-arm-none-eabi/bin/../lib/gcc/arm-none-eabi/13.3.1/thumb/v7-m/nofp\libc_nano.a(libc_a-fwalk.o)
                              C:/APP/Corejiankaifa/arm-gnu-toolchain-13.3.rel1-mingw-w64-i686-arm-none-eabi/bin/../lib/gcc/arm-none-eabi/13.3.1/thumb/v7-m/nofp\libc_nano.a(libc_a-findfp.o) (_fwalk_sglue)
C:/APP/Corejiankaifa/arm-gnu-toolchain-13.3.rel1-mingw-w64-i686-arm-none-eabi/bin/../lib/gcc/arm-none-eabi/13.3.1/thumb/v7-m/nofp\libc_nano.a(libc_a-stdio.o)
                              C:/APP/Corejiankaifa/arm-gnu-toolchain-13.3.rel1-mingw-w64-i686-arm-none-eabi/bin/../lib/gcc/arm-none-eabi/13.3.1/thumb/v7-m/nofp\libc_nano.a(libc_a-findfp.o) (__sread)
C:/APP/Corejiankaifa/arm-gnu-toolchain-13.3.rel1-mingw-w64-i686-arm-none-eabi/bin/../lib/gcc/arm-none-eabi/13.3.1/thumb/v7-m/nofp\libc_nano.a(libc_a-memset.o)
                              C:/APP/Corejiankaifa/arm-gnu-toolchain-13.3.rel1-mingw-w64-i686-arm-none-eabi/bin/../lib/gcc/arm-none-eabi/13.3.1/thumb/v7-m/nofp/crt0.o (memset)
C:/APP/Corejiankaifa/arm-gnu-toolchain-13.3.rel1-mingw-w64-i686-arm-none-eabi/bin/../lib/gcc/arm-none-eabi/13.3.1/thumb/v7-m/nofp\libc_nano.a(libc_a-closer.o)
                              C:/APP/Corejiankaifa/arm-gnu-toolchain-13.3.rel1-mingw-w64-i686-arm-none-eabi/bin/../lib/gcc/arm-none-eabi/13.3.1/thumb/v7-m/nofp\libc_nano.a(libc_a-stdio.o) (_close_r)
C:/APP/Corejiankaifa/arm-gnu-toolchain-13.3.rel1-mingw-w64-i686-arm-none-eabi/bin/../lib/gcc/arm-none-eabi/13.3.1/thumb/v7-m/nofp\libc_nano.a(libc_a-reent.o)
                              C:/APP/Corejiankaifa/arm-gnu-toolchain-13.3.rel1-mingw-w64-i686-arm-none-eabi/bin/../lib/gcc/arm-none-eabi/13.3.1/thumb/v7-m/nofp\libc_nano.a(libc_a-closer.o) (errno)
C:/APP/Corejiankaifa/arm-gnu-toolchain-13.3.rel1-mingw-w64-i686-arm-none-eabi/bin/../lib/gcc/arm-none-eabi/13.3.1/thumb/v7-m/nofp\libc_nano.a(libc_a-impure.o)
                              C:/APP/Corejiankaifa/arm-gnu-toolchain-13.3.rel1-mingw-w64-i686-arm-none-eabi/bin/../lib/gcc/arm-none-eabi/13.3.1/thumb/v7-m/nofp\libc_nano.a(libc_a-reent.o) (_impure_ptr)
C:/APP/Corejiankaifa/arm-gnu-toolchain-13.3.rel1-mingw-w64-i686-arm-none-eabi/bin/../lib/gcc/arm-none-eabi/13.3.1/thumb/v7-m/nofp\libc_nano.a(libc_a-lseekr.o)
                              C:/APP/Corejiankaifa/arm-gnu-toolchain-13.3.rel1-mingw-w64-i686-arm-none-eabi/bin/../lib/gcc/arm-none-eabi/13.3.1/thumb/v7-m/nofp\libc_nano.a(libc_a-stdio.o) (_lseek_r)
C:/APP/Corejiankaifa/arm-gnu-toolchain-13.3.rel1-mingw-w64-i686-arm-none-eabi/bin/../lib/gcc/arm-none-eabi/13.3.1/thumb/v7-m/nofp\libc_nano.a(libc_a-readr.o)
                              C:/APP/Corejiankaifa/arm-gnu-toolchain-13.3.rel1-mingw-w64-i686-arm-none-eabi/bin/../lib/gcc/arm-none-eabi/13.3.1/thumb/v7-m/nofp\libc_nano.a(libc_a-stdio.o) (_read_r)
C:/APP/Corejiankaifa/arm-gnu-toolchain-13.3.rel1-mingw-w64-i686-arm-none-eabi/bin/../lib/gcc/arm-none-eabi/13.3.1/thumb/v7-m/nofp\libc_nano.a(libc_a-writer.o)
                              C:/APP/Corejiankaifa/arm-gnu-toolchain-13.3.rel1-mingw-w64-i686-arm-none-eabi/bin/../lib/gcc/arm-none-eabi/13.3.1/thumb/v7-m/nofp\libc_nano.a(libc_a-stdio.o) (_write_r)
C:/APP/Corejiankaifa/arm-gnu-toolchain-13.3.rel1-mingw-w64-i686-arm-none-eabi/bin/../lib/gcc/arm-none-eabi/13.3.1/thumb/v7-m/nofp\libc_nano.a(libc_a-init.o)
                              C:/APP/Corejiankaifa/arm-gnu-toolchain-13.3.rel1-mingw-w64-i686-arm-none-eabi/bin/../lib/gcc/arm-none-eabi/13.3.1/thumb/v7-m/nofp/crt0.o (__libc_init_array)
C:/APP/Corejiankaifa/arm-gnu-toolchain-13.3.rel1-mingw-w64-i686-arm-none-eabi/bin/../lib/gcc/arm-none-eabi/13.3.1/thumb/v7-m/nofp\libc_nano.a(libc_a-lock.o)
                              C:/APP/Corejiankaifa/arm-gnu-toolchain-13.3.rel1-mingw-w64-i686-arm-none-eabi/bin/../lib/gcc/arm-none-eabi/13.3.1/thumb/v7-m/nofp\libc_nano.a(libc_a-findfp.o) (__retarget_lock_init_recursive)
C:/APP/Corejiankaifa/arm-gnu-toolchain-13.3.rel1-mingw-w64-i686-arm-none-eabi/bin/../lib/gcc/arm-none-eabi/13.3.1/thumb/v7-m/nofp\libc_nano.a(libc_a-freer.o)
[...]
Memory Configuration

Name             Origin             Length             Attributes
RAM              0x20000000         0x00005000         xrw
FLASH            0x08000000         0x00010000         xr
*default*        0x00000000         0xffffffff

Linker script and memory map

LOAD C:/APP/Corejiankaifa/arm-gnu-toolchain-13.3.rel1-mingw-w64-i686-arm-none-eabi/bin/../lib/gcc/arm-none-eabi/13.3.1/thumb/v7-m/nofp/crti.o
LOAD C:/APP/Corejiankaifa/arm-gnu-toolchain-13.3.rel1-mingw-w64-i686-arm-none-eabi/bin/../lib/gcc/arm-none-eabi/13.3.1/thumb/v7-m/nofp/crtbegin.o
LOAD C:/APP/Corejiankaifa/arm-gnu-toolchain-13.3.rel1-mingw-w64-i686-arm-none-eabi/bin/../lib/gcc/arm-none-eabi/13.3.1/thumb/v7-m/nofp/crt0.o
START GROUP
LOAD C:/APP/Corejiankaifa/arm-gnu-toolchain-13.3.rel1-mingw-w64-i686-arm-none-eabi/bin/../lib/gcc/arm-none-eabi/13.3.1/thumb/v7-m/nofp\libc_nano.a
LOAD C:/APP/Corejiankaifa/arm-gnu-toolchain-13.3.rel1-mingw-w64-i686-arm-none-eabi/bin/../lib/gcc/arm-none-eabi/13.3.1/thumb/v7-m/nofp\libm.a
END GROUP
LOAD CMakeFiles/OpenMos.dir/User/Function.c.obj
LOAD CMakeFiles/OpenMos.dir/User/MOS.c.obj
LOAD CMakeFiles/OpenMos.dir/Core/Src/main.c.obj
LOAD CMakeFiles/OpenMos.dir/Core/Src/gpio.c.obj
LOAD CMakeFiles/OpenMos.dir/Core/Src/adc.c.obj
LOAD CMakeFiles/OpenMos.dir/Core/Src/dma.c.obj
LOAD CMakeFiles/OpenMos.dir/Core/Src/stm32f1xx_it.c.obj
LOAD CMakeFiles/OpenMos.dir/Core/Src/stm32f1xx_hal_msp.c.obj
LOAD CMakeFiles/OpenMos.dir/Drivers/STM32F1xx_HAL_Driver/Src/stm32f1xx_hal_gpio_ex.c.obj
LOAD CMakeFiles/OpenMos.dir/Drivers/STM32F1xx_HAL_Driver/Src/stm32f1xx_hal_adc.c.obj
LOAD CMakeFiles/OpenMos.dir/Drivers/STM32F1xx_HAL_Driver/Src/stm32f1xx_hal_adc_ex.c.obj
LOAD CMakeFiles/OpenMos.dir/Drivers/STM32F1xx_HAL_Driver/Src/stm32f1xx_hal.c.obj
LOAD CMakeFiles/OpenMos.dir/Drivers/STM32F1xx_HAL_Driver/Src/stm32f1xx_hal_rcc.c.obj
LOAD CMakeFiles/OpenMos.dir/Drivers/STM32F1xx_HAL_Driver/Src/stm32f1xx_hal_rcc_ex.c.obj
LOAD CMakeFiles/OpenMos.dir/Drivers/STM32F1xx_HAL_Driver/Src/stm32f1xx_hal_gpio.c.obj
LOAD CMakeFiles/OpenMos.dir/Drivers/STM32F1xx_HAL_Driver/Src/stm32f1xx_hal_dma.c.obj
LOAD CMakeFiles/OpenMos.dir/Drivers/STM32F1xx_HAL_Driver/Src/stm32f1xx_hal_cortex.c.obj
LOAD CMakeFiles/OpenMos.dir/Drivers/STM32F1xx_HAL_Driver/Src/stm32f1xx_hal_pwr.c.obj
LOAD CMakeFiles/OpenMos.dir/Drivers/STM32F1xx_HAL_Driver/Src/stm32f1xx_hal_flash.c.obj
LOAD CMakeFiles/OpenMos.dir/Drivers/STM32F1xx_HAL_Driver/Src/stm32f1xx_hal_flash_ex.c.obj
LOAD CMakeFiles/OpenMos.dir/Drivers/STM32F1xx_HAL_Driver/Src/stm32f1xx_hal_exti.c.obj
LOAD CMakeFiles/OpenMos.dir/Drivers/STM32F1xx_HAL_Driver/Src/stm32f1xx_hal_tim.c.obj
LOAD CMakeFiles/OpenMos.dir/Drivers/STM32F1xx_HAL_Driver/Src/stm32f1xx_hal_tim_ex.c.obj
LOAD CMakeFiles/OpenMos.dir/Core/Src/system_stm32f1xx.c.obj
LOAD CMakeFiles/OpenMos.dir/Core/Src/sysmem.c.obj
LOAD CMakeFiles/OpenMos.dir/Core/Src/syscalls.c.obj
LOAD CMakeFiles/OpenMos.dir/startup_stm32f103xb.s.obj
START GROUP
LOAD C:/APP/Corejiankaifa/arm-gnu-toolchain-13.3.rel1-mingw-w64-i686-arm-none-eabi/bin/../lib/gcc/arm-none-eabi/13.3.1/thumb/v7-m/nofp\libgcc.a
LOAD C:/APP/Corejiankaifa/arm-gnu-toolchain-13.3.rel1-mingw-w64-i686-arm-none-eabi/bin/../lib/gcc/arm-none-eabi/13.3.1/thumb/v7-m/nofp\libg_nano.a
LOAD C:/APP/Corejiankaifa/arm-gnu-toolchain-13.3.rel1-mingw-w64-i686-arm-none-eabi/bin/../lib/gcc/arm-none-eabi/13.3.1/thumb/v7-m/nofp\libc_nano.a
END GROUP
START GROUP
LOAD C:/APP/Corejiankaifa/arm-gnu-toolchain-13.3.rel1-mingw-w64-i686-arm-none-eabi/bin/../lib/gcc/arm-none-eabi/13.3.1/thumb/v7-m/nofp\libgcc.a
LOAD C:/APP/Corejiankaifa/arm-gnu-toolchain-13.3.rel1-mingw-w64-i686-arm-none-eabi/bin/../lib/gcc/arm-none-eabi/13.3.1/thumb/v7-m/nofp\libc_nano.a
END GROUP
LOAD C:/APP/Corejiankaifa/arm-gnu-toolchain-13.3.rel1-mingw-w64-i686-arm-none-eabi/bin/../lib/gcc/arm-none-eabi/13.3.1/thumb/v7-m/nofp/crtend.o
LOAD C:/APP/Corejiankaifa/arm-gnu-toolchain-13.3.rel1-mingw-w64-i686-arm-none-eabi/bin/../lib/gcc/arm-none-eabi/13.3.1/thumb/v7-m/nofp/crtn.o
                0x20005000                        _estack = (ORIGIN (RAM) + LENGTH (RAM))
                0x00000200                        _Min_Heap_Size = 0x200
                0x00000400                        _Min_Stack_Size = 0x400

.isr_vector     0x08000000      0x10c
                0x08000000                        . = ALIGN (0x4)
 *(.isr_vector)
 .isr_vector    0x08000000      0x10c CMakeFiles/OpenMos.dir/startup_stm32f103xb.s.obj
                0x08000000                g_pfnVectors
                0x0800010c                        . = ALIGN (0x4)

.text           0x08000110     0x3650
                0x08000110                        . = ALIGN (0x4)
 *(.text)
 .text          0x08000110      0x378 C:/APP/Corejiankaifa/arm-gnu-toolchain-13.3.rel1-mingw-w64-i686-arm-none-eabi/bin/../lib/gcc/arm-none-eabi/13.3.1/thumb/v7-m/nofp\libgcc.a(_arm_addsubdf3.o)
                0x08000110                __aeabi_drsub
                0x08000118                __aeabi_dsub
                0x08000118                __subdf3
                0x0800011c                __aeabi_dadd
                0x0800011c                __adddf3
                0x08000394                __floatunsidf
                0x08000394                __aeabi_ui2d
                0x080003b4                __floatsidf
                0x080003b4                __aeabi_i2d
                0x080003d8                __aeabi_f2d
                0x080003d8                __extendsfdf2
                0x0800041c                __floatundidf
                0x0800041c                __aeabi_ul2d
                0x0800042c                __floatdidf
                0x0800042c                __aeabi_l2d
 .text          0x08000488      0x424 C:/APP/Corejiankaifa/arm-gnu-toolchain-13.3.rel1-mingw-w64-i686-arm-none-eabi/bin/../lib/gcc/arm-none-eabi/13.3.1/thumb/v7-m/nofp\libgcc.a(_arm_muldivdf3.o)
                0x08000488                __aeabi_dmul
                0x08000488                __muldf3
                0x080006dc                __divdf3
                0x080006dc                __aeabi_ddiv
 .text          0x080008ac       0xa0 C:/APP/Corejiankaifa/arm-gnu-toolchain-13.3.rel1-mingw-w64-i686-arm-none-eabi/bin/../lib/gcc/arm-none-eabi/13.3.1/thumb/v7-m/nofp\libgcc.a(_arm_truncdfsf2.o)
                0x080008ac                __truncdfsf2
                0x080008ac                __aeabi_d2f
 .text          0x0800094c      0x21c C:/APP/Corejiankaifa/arm-gnu-toolchain-13.3.rel1-mingw-w64-i686-arm-none-eabi/bin/../lib/gcc/arm-none-eabi/13.3.1/thumb/v7-m/nofp\libgcc.a(_arm_addsubsf3.o)
                0x0800094c                __aeabi_frsub
                0x08000954                __subsf3
                0x08000954                __aeabi_fsub
                0x08000958                __aeabi_fadd
                0x08000958                __addsf3
                0x08000ab8                __aeabi_ui2f
                0x08000ab8                __floatunsisf
                0x08000ac0                __aeabi_i2f
                0x08000ac0                __floatsisf
                0x08000adc                __aeabi_ul2f
                0x08000adc                __floatundisf
                0x08000aec                __aeabi_l2f
                0x08000aec                __floatdisf
 .text          0x08000b68      0x2a0 C:/APP/Corejiankaifa/arm-gnu-toolchain-13.3.rel1-mingw-w64-i686-arm-none-eabi/bin/../lib/gcc/arm-none-eabi/13.3.1/thumb/v7-m/nofp\libgcc.a(_arm_muldivsf3.o)
                0x08000b68                __mulsf3
                0x08000b68                __aeabi_fmul
                0x08000cd0                __aeabi_fdiv
                0x08000cd0                __divsf3
 .text          0x08000e08       0xec C:/APP/Corejiankaifa/arm-gnu-toolchain-13.3.rel1-mingw-w64-i686-arm-none-eabi/bin/../lib/gcc/arm-none-eabi/13.3.1/thumb/v7-m/nofp\libgcc.a(_arm_cmpsf2.o)
                0x08000e08                __gesf2
                0x08000e08                __gtsf2
                0x08000e10                __lesf2
                0x08000e10                __ltsf2
                0x08000e18                __nesf2
                0x08000e18                __eqsf2
                0x08000e18                __cmpsf2
                0x08000e78                __aeabi_cfrcmple
                0x08000e80                __aeabi_cfcmpeq
                0x08000e80                __aeabi_cfcmple
                0x08000e90                __aeabi_fcmpeq
                0x08000ea4                __aeabi_fcmplt
                0x08000eb8                __aeabi_fcmple
                0x08000ecc                __aeabi_fcmpge
                0x08000ee0                __aeabi_fcmpgt
 *(.text*)
 .text.deregister_tm_clones
                0x08000ef4       0x1c C:/APP/Corejiankaifa/arm-gnu-toolchain-13.3.rel1-mingw-w64-i686-arm-none-eabi/bin/../lib/gcc/arm-none-eabi/13.3.1/thumb/v7-m/nofp/crtbegin.o
 .text.register_tm_clones
                0x08000f10       0x24 C:/APP/Corejiankaifa/arm-gnu-toolchain-13.3.rel1-mingw-w64-i686-arm-none-eabi/bin/../lib/gcc/arm-none-eabi/13.3.1/thumb/v7-m/nofp/crtbegin.o
 .text.__do_global_dtors_aux
                0x08000f34       0x28 C:/APP/Corejiankaifa/arm-gnu-toolchain-13.3.rel1-mingw-w64-i686-arm-none-eabi/bin/../lib/gcc/arm-none-eabi/13.3.1/thumb/v7-m/nofp/crtbegin.o
 .text.frame_dummy
                0x08000f5c       0x24 C:/APP/Corejiankaifa/arm-gnu-toolchain-13.3.rel1-mingw-w64-i686-arm-none-eabi/bin/../lib/gcc/arm-none-eabi/13.3.1/thumb/v7-m/nofp/crtbegin.o
 .text.memset   0x08000f80       0x10 C:/APP/Corejiankaifa/arm-gnu-toolchain-13.3.rel1-mingw-w64-i686-arm-none-eabi/bin/../lib/gcc/arm-none-eabi/13.3.1/thumb/v7-m/nofp\libc_nano.a(libc_a-memset.o)
                0x08000f80                memset
 .text.__libc_init_array
                0x08000f90       0x48 C:/APP/Corejiankaifa/arm-gnu-toolchain-13.3.rel1-mingw-w64-i686-arm-none-eabi/bin/../lib/gcc/arm-none-eabi/13.3.1/thumb/v7-m/nofp\libc_nano.a(libc_a-init.o)
                0x08000f90                __libc_init_array
 .text.Average_Flitter
                0x08000fd8       0xd0 CMakeFiles/OpenMos.dir/User/Function.c.obj
                0x08000fd8                Average_Flitter
 .text.ADC_Sample_Start
                0x080010a8       0x24 CMakeFiles/OpenMos.dir/User/Function.c.obj
                0x080010a8                ADC_Sample_Start
 *fill*         0x080010cc        0x4 
 .text.ADC_Data_Trans
                0x080010d0      0x1a8 CMakeFiles/OpenMos.dir/User/Function.c.obj
                0x080010d0                ADC_Data_Trans
 .text.Judge_byLight
                0x08001278      0x100 CMakeFiles/OpenMos.dir/User/Function.c.obj
                0x08001278                Judge_byLight
 .text.Judge_byCur
                0x08001378       0x6c CMakeFiles/OpenMos.dir/User/Function.c.obj
                0x08001378                Judge_byCur
 .text.Open_Mos
                0x080013e4       0x68 CMakeFiles/OpenMos.dir/User/Function.c.obj
                0x080013e4                Open_Mos
 .text.main     0x0800144c       0x50 CMakeFiles/OpenMos.dir/Core/Src/main.c.obj
                0x0800144c                main
 .text.SystemClock_Config
                0x0800149c       0xb6 CMakeFiles/OpenMos.dir/Core/Src/main.c.obj
                0x0800149c                SystemClock_Config
 .text.Error_Handler
                0x08001552        0xc CMakeFiles/OpenMos.dir/Core/Src/main.c.obj
                0x08001552                Error_Handler
 *fill*         0x0800155e        0x2 
 .text.MX_GPIO_Init
                0x08001560       0xdc CMakeFiles/OpenMos.dir/Core/Src/gpio.c.obj
                0x08001560                MX_GPIO_Init
 .text.MX_ADC1_Init
                0x0800163c       0xd8 CMakeFiles/OpenMos.dir/Core/Src/adc.c.obj
                0x0800163c                MX_ADC1_Init
 .text.HAL_ADC_MspInit
                0x08001714       0xd0 CMakeFiles/OpenMos.dir/Core/Src/adc.c.obj
                0x08001714                HAL_ADC_MspInit
 .text.MX_DMA_Init
                0x080017e4       0x3c CMakeFiles/OpenMos.dir/Core/Src/dma.c.obj
                0x080017e4                MX_DMA_Init
 .text.NMI_Handler
                0x08001820        0x8 CMakeFiles/OpenMos.dir/Core/Src/stm32f1xx_it.c.obj
                0x08001820                NMI_Handler
 .text.HardFault_Handler
                0x08001828        0x8 CMakeFiles/OpenMos.dir/Core/Src/stm32f1xx_it.c.obj
                0x08001828                HardFault_Handler
 .text.MemManage_Handler
                0x08001830        0x8 CMakeFiles/OpenMos.dir/Core/Src/stm32f1xx_it.c.obj
                0x08001830                MemManage_Handler
 .text.BusFault_Handler
                0x08001838        0x8 CMakeFiles/OpenMos.dir/Core/Src/stm32f1xx_it.c.obj
                0x08001838                BusFault_Handler
 .text.UsageFault_Handler
                0x08001840        0x8 CMakeFiles/OpenMos.dir/Core/Src/stm32f1xx_it.c.obj
                0x08001840                UsageFault_Handler
 .text.SVC_Handler
                0x08001848        0xc CMakeFiles/OpenMos.dir/Core/Src/stm32f1xx_it.c.obj
                0x08001848                SVC_Handler
 .text.DebugMon_Handler
                0x08001854        0xc CMakeFiles/OpenMos.dir/Core/Src/stm32f1xx_it.c.obj
                0x08001854                DebugMon_Handler
 .text.PendSV_Handler
                0x08001860        0xc CMakeFiles/OpenMos.dir/Core/Src/stm32f1xx_it.c.obj
                0x08001860                PendSV_Handler
 .text.SysTick_Handler
                0x0800186c        0xc CMakeFiles/OpenMos.dir/Core/Src/stm32f1xx_it.c.obj
                0x0800186c                SysTick_Handler
 .text.DMA1_Channel1_IRQHandler
                0x08001878       0x14 CMakeFiles/OpenMos.dir/Core/Src/stm32f1xx_it.c.obj
                0x08001878                DMA1_Channel1_IRQHandler
 .text.HAL_MspInit
                0x0800188c       0x64 CMakeFiles/OpenMos.dir/Core/Src/stm32f1xx_hal_msp.c.obj
                0x0800188c                HAL_MspInit
 .text.HAL_ADC_Init
                0x080018f0      0x1b0 CMakeFiles/OpenMos.dir/Drivers/STM32F1xx_HAL_Driver/Src/stm32f1xx_hal_adc.c.obj
                0x080018f0                HAL_ADC_Init
 .text.HAL_ADC_Start_DMA
                0x08001aa0      0x1bc CMakeFiles/OpenMos.dir/Drivers/STM32F1xx_HAL_Driver/Src/stm32f1xx_hal_adc.c.obj
                0x08001aa0                HAL_ADC_Start_DMA
 .text.HAL_ADC_ConvCpltCallback
                0x08001c5c       0x12 CMakeFiles/OpenMos.dir/Drivers/STM32F1xx_HAL_Driver/Src/stm32f1xx_hal_adc.c.obj
                0x08001c5c                HAL_ADC_ConvCpltCallback
 .text.HAL_ADC_ConvHalfCpltCallback
                0x08001c6e       0x12 CMakeFiles/OpenMos.dir/Drivers/STM32F1xx_HAL_Driver/Src/stm32f1xx_hal_adc.c.obj
                0x08001c6e                HAL_ADC_ConvHalfCpltCallback
 .text.HAL_ADC_ErrorCallback
                0x08001c80       0x12 CMakeFiles/OpenMos.dir/Drivers/STM32F1xx_HAL_Driver/Src/stm32f1xx_hal_adc.c.obj
                0x08001c80                HAL_ADC_ErrorCallback
 *fill*         0x08001c92        0x2 
 .text.HAL_ADC_ConfigChannel
                0x08001c94      0x1f0 CMakeFiles/OpenMos.dir/Drivers/STM32F1xx_HAL_Driver/Src/stm32f1xx_hal_adc.c.obj
                0x08001c94                HAL_ADC_ConfigChannel
 .text.ADC_Enable
                0x08001e84       0xb4 CMakeFiles/OpenMos.dir/Drivers/STM32F1xx_HAL_Driver/Src/stm32f1xx_hal_adc.c.obj
                0x08001e84                ADC_Enable
 .text.ADC_ConversionStop_Disable
                0x08001f38       0x82 CMakeFiles/OpenMos.dir/Drivers/STM32F1xx_HAL_Driver/Src/stm32f1xx_hal_adc.c.obj
                0x08001f38                ADC_ConversionStop_Disable
 .text.ADC_DMAConvCplt
                0x08001fba       0x7c CMakeFiles/OpenMos.dir/Drivers/STM32F1xx_HAL_Driver/Src/stm32f1xx_hal_adc.c.obj
                0x08001fba                ADC_DMAConvCplt
 .text.ADC_DMAHalfConvCplt
                0x08002036       0x1c CMakeFiles/OpenMos.dir/Drivers/STM32F1xx_HAL_Driver/Src/stm32f1xx_hal_adc.c.obj
                0x08002036                ADC_DMAHalfConvCplt
 .text.ADC_DMAError
                0x08002052       0x34 CMakeFiles/OpenMos.dir/Drivers/STM32F1xx_HAL_Driver/Src/stm32f1xx_hal_adc.c.obj
                0x08002052                ADC_DMAError
 *fill*         0x08002086        0x2 
 .text.HAL_ADCEx_Calibration_Start
                0x08002088      0x15c CMakeFiles/OpenMos.dir/Drivers/STM32F1xx_HAL_Driver/Src/stm32f1xx_hal_adc_ex.c.obj
                0x08002088                HAL_ADCEx_Calibration_Start
 .text.HAL_Init
                0x080021e4       0x2c CMakeFiles/OpenMos.dir/Drivers/STM32F1xx_HAL_Driver/Src/stm32f1xx_hal.c.obj
                0x080021e4                HAL_Init
 .text.HAL_InitTick
                0x08002210       0x60 CMakeFiles/OpenMos.dir/Drivers/STM32F1xx_HAL_Driver/Src/stm32f1xx_hal.c.obj
                0x08002210                HAL_InitTick
 .text.HAL_IncTick
                0x08002270       0x24 CMakeFiles/OpenMos.dir/Drivers/STM32F1xx_HAL_Driver/Src/stm32f1xx_hal.c.obj
                0x08002270                HAL_IncTick
 .text.HAL_GetTick
                0x08002294       0x14 CMakeFiles/OpenMos.dir/Drivers/STM32F1xx_HAL_Driver/Src/stm32f1xx_hal.c.obj
                0x08002294                HAL_GetTick
 .text.HAL_Delay
                0x080022a8       0x48 CMakeFiles/OpenMos.dir/Drivers/STM32F1xx_HAL_Driver/Src/stm32f1xx_hal.c.obj
                0x080022a8                HAL_Delay
 .text.HAL_RCC_OscConfig
                0x080022f0      0x504 CMakeFiles/OpenMos.dir/Drivers/STM32F1xx_HAL_Driver/Src/stm32f1xx_hal_rcc.c.obj
                0x080022f0                HAL_RCC_OscConfig
 .text.HAL_RCC_ClockConfig
                0x080027f4      0x1d4 CMakeFiles/OpenMos.dir/Drivers/STM32F1xx_HAL_Driver/Src/stm32f1xx_hal_rcc.c.obj
                0x080027f4                HAL_RCC_ClockConfig
 .text.HAL_RCC_GetSysClockFreq
                0x080029c8       0xa8 CMakeFiles/OpenMos.dir/Drivers/STM32F1xx_HAL_Driver/Src/stm32f1xx_hal_rcc.c.obj
                0x080029c8                HAL_RCC_GetSysClockFreq
 .text.HAL_RCC_GetHCLKFreq
                0x08002a70       0x14 CMakeFiles/OpenMos.dir/Drivers/STM32F1xx_HAL_Driver/Src/stm32f1xx_hal_rcc.c.obj
                0x08002a70                HAL_RCC_GetHCLKFreq
 .text.HAL_RCC_GetPCLK2Freq
                0x08002a84       0x28 CMakeFiles/OpenMos.dir/Drivers/STM32F1xx_HAL_Driver/Src/stm32f1xx_hal_rcc.c.obj
                0x08002a84                HAL_RCC_GetPCLK2Freq
 .text.RCC_Delay
                0x08002aac       0x3c CMakeFiles/OpenMos.dir/Drivers/STM32F1xx_HAL_Driver/Src/stm32f1xx_hal_rcc.c.obj
 .text.HAL_RCCEx_PeriphCLKConfig
                0x08002ae8      0x16c CMakeFiles/OpenMos.dir/Drivers/STM32F1xx_HAL_Driver/Src/stm32f1xx_hal_rcc_ex.c.obj
                0x08002ae8                HAL_RCCEx_PeriphCLKConfig
 .text.HAL_RCCEx_GetPeriphCLKFreq
                0x08002c54      0x16c CMakeFiles/OpenMos.dir/Drivers/STM32F1xx_HAL_Driver/Src/stm32f1xx_hal_rcc_ex.c.obj
                0x08002c54                HAL_RCCEx_GetPeriphCLKFreq
 .text.HAL_GPIO_Init
                0x08002dc0      0x308 CMakeFiles/OpenMos.dir/Drivers/STM32F1xx_HAL_Driver/Src/stm32f1xx_hal_gpio.c.obj
                0x08002dc0                HAL_GPIO_Init
 .text.HAL_GPIO_WritePin
                0x080030c8       0x30 CMakeFiles/OpenMos.dir/Drivers/STM32F1xx_HAL_Driver/Src/stm32f1xx_hal_gpio.c.obj
                0x080030c8                HAL_GPIO_WritePin
 .text.HAL_DMA_Init
                0x080030f8       0xb4 CMakeFiles/OpenMos.dir/Drivers/STM32F1xx_HAL_Driver/Src/stm32f1xx_hal_dma.c.obj
                0x080030f8                HAL_DMA_Init
 .text.HAL_DMA_Start_IT
                0x080031ac       0xc0 CMakeFiles/OpenMos.dir/Drivers/STM32F1xx_HAL_Driver/Src/stm32f1xx_hal_dma.c.obj
                0x080031ac                HAL_DMA_Start_IT
 .text.HAL_DMA_IRQHandler
                0x0800326c      0x20c CMakeFiles/OpenMos.dir/Drivers/STM32F1xx_HAL_Driver/Src/stm32f1xx_hal_dma.c.obj
                0x0800326c                HAL_DMA_IRQHandler
 .text.DMA_SetConfig
                0x08003478       0x5a CMakeFiles/OpenMos.dir/Drivers/STM32F1xx_HAL_Driver/Src/stm32f1xx_hal_dma.c.obj
 *fill*         0x080034d2        0x2 
 .text.__NVIC_SetPriorityGrouping
                0x080034d4       0x48 CMakeFiles/OpenMos.dir/Drivers/STM32F1xx_HAL_Driver/Src/stm32f1xx_hal_cortex.c.obj
 .text.__NVIC_GetPriorityGrouping
                0x0800351c       0x1c CMakeFiles/OpenMos.dir/Drivers/STM32F1xx_HAL_Driver/Src/stm32f1xx_hal_cortex.c.obj
 .text.__NVIC_EnableIRQ
                0x08003538       0x38 CMakeFiles/OpenMos.dir/Drivers/STM32F1xx_HAL_Driver/Src/stm32f1xx_hal_cortex.c.obj
 .text.__NVIC_SetPriority
                0x08003570       0x54 CMakeFiles/OpenMos.dir/Drivers/STM32F1xx_HAL_Driver/Src/stm32f1xx_hal_cortex.c.obj
 .text.NVIC_EncodePriority
                0x080035c4       0x64 CMakeFiles/OpenMos.dir/Drivers/STM32F1xx_HAL_Driver/Src/stm32f1xx_hal_cortex.c.obj
 .text.SysTick_Config
                0x08003628       0x44 CMakeFiles/OpenMos.dir/Drivers/STM32F1xx_HAL_Driver/Src/stm32f1xx_hal_cortex.c.obj
 .text.HAL_NVIC_SetPriorityGrouping
                0x0800366c       0x16 CMakeFiles/OpenMos.dir/Drivers/STM32F1xx_HAL_Driver/Src/stm32f1xx_hal_cortex.c.obj
                0x0800366c                HAL_NVIC_SetPriorityGrouping
 .text.HAL_NVIC_SetPriority
                0x08003682       0x38 CMakeFiles/OpenMos.dir/Drivers/STM32F1xx_HAL_Driver/Src/stm32f1xx_hal_cortex.c.obj
                0x08003682                HAL_NVIC_SetPriority
 .text.HAL_NVIC_EnableIRQ
                0x080036ba       0x1c CMakeFiles/OpenMos.dir/Drivers/STM32F1xx_HAL_Driver/Src/stm32f1xx_hal_cortex.c.obj
                0x080036ba                HAL_NVIC_EnableIRQ
 .text.HAL_SYSTICK_Config
                0x080036d6       0x18 CMakeFiles/OpenMos.dir/Drivers/STM32F1xx_HAL_Driver/Src/stm32f1xx_hal_cortex.c.obj
                0x080036d6                HAL_SYSTICK_Config
 .text.SystemInit
                0x080036ee        0xc CMakeFiles/OpenMos.dir/Core/Src/system_stm32f1xx.c.obj
                0x080036ee                SystemInit
 *fill*         0x080036fa        0x2 
 .text.Reset_Handler
                0x080036fc       0x48 CMakeFiles/OpenMos.dir/startup_stm32f103xb.s.obj
                0x080036fc                Reset_Handler
 .text.Default_Handler
                0x08003744        0x2 CMakeFiles/OpenMos.dir/startup_stm32f103xb.s.obj
                0x08003744                RTC_Alarm_IRQHandler
                0x08003744                EXTI2_IRQHandler
                0x08003744                TIM1_CC_IRQHandler
                0x08003744                PVD_IRQHandler
                0x08003744                EXTI3_IRQHandler
                0x08003744                EXTI0_IRQHandler
                0x08003744                I2C2_EV_IRQHandler
                0x08003744                ADC1_2_IRQHandler
                0x08003744                SPI1_IRQHandler
                0x08003744                TAMPER_IRQHandler
                0x08003744                DMA1_Channel4_IRQHandler
                0x08003744                USART3_IRQHandler
                0x08003744                RTC_IRQHandler
                0x08003744                DMA1_Channel7_IRQHandler
                0x08003744                CAN1_RX1_IRQHandler
                0x08003744                TIM4_IRQHandler
                0x08003744                I2C1_EV_IRQHandler
                0x08003744                DMA1_Channel6_IRQHandler
                0x08003744                TIM3_IRQHandler
                0x08003744                RCC_IRQHandler
                0x08003744                TIM1_TRG_COM_IRQHandler
                0x08003744                Default_Handler
                0x08003744                EXTI15_10_IRQHandler
                0x08003744                EXTI9_5_IRQHandler
                0x08003744                SPI2_IRQHandler
                0x08003744                DMA1_Channel5_IRQHandler
                0x08003744                EXTI4_IRQHandler
                0x08003744                USB_LP_CAN1_RX0_IRQHandler
                0x08003744                USB_HP_CAN1_TX_IRQHandler
                0x08003744                DMA1_Channel3_IRQHandler
                0x08003744                TIM1_UP_IRQHandler
                0x08003744                WWDG_IRQHandler
                0x08003744                TIM2_IRQHandler
                0x08003744                TIM1_BRK_IRQHandler
                0x08003744                EXTI1_IRQHandler
                0x08003744                USART2_IRQHandler
                0x08003744                I2C2_ER_IRQHandler
                0x08003744                DMA1_Channel2_IRQHandler
                0x08003744                CAN1_SCE_IRQHandler
                0x08003744                FLASH_IRQHandler
                0x08003744                USART1_IRQHandler
                0x08003744                I2C1_ER_IRQHandler
                0x08003744                USBWakeUp_IRQHandler
 *(.glue_7)
 .glue_7        0x08003746        0x0 linker stubs
 *(.glue_7t)
 .glue_7t       0x08003746        0x0 linker stubs
 *(.eh_frame)
 *fill*         0x08003746        0x2 
 .eh_frame      0x08003748        0x0 C:/APP/Corejiankaifa/arm-gnu-toolchain-13.3.rel1-mingw-w64-i686-arm-none-eabi/bin/../lib/gcc/arm-none-eabi/13.3.1/thumb/v7-m/nofp/crtbegin.o
 *(.init)
 .init          0x08003748        0x4 C:/APP/Corejiankaifa/arm-gnu-toolchain-13.3.rel1-mingw-w64-i686-arm-none-eabi/bin/../lib/gcc/arm-none-eabi/13.3.1/thumb/v7-m/nofp/crti.o
                0x08003748                _init
 .init          0x0800374c        0x8 C:/APP/Corejiankaifa/arm-gnu-toolchain-13.3.rel1-mingw-w64-i686-arm-none-eabi/bin/../lib/gcc/arm-none-eabi/13.3.1/thumb/v7-m/nofp/crtn.o
 *(.fini)
 .fini          0x08003754        0x4 C:/APP/Corejiankaifa/arm-gnu-toolchain-13.3.rel1-mingw-w64-i686-arm-none-eabi/bin/../lib/gcc/arm-none-eabi/13.3.1/thumb/v7-m/nofp/crti.o
                0x08003754                _fini
 .fini          0x08003758        0x8 C:/APP/Corejiankaifa/arm-gnu-toolchain-13.3.rel1-mingw-w64-i686-arm-none-eabi/bin/../lib/gcc/arm-none-eabi/13.3.1/thumb/v7-m/nofp/crtn.o
                0x08003760                        . = ALIGN (0x4)
                0x08003760                        _etext = .

.vfp11_veneer   0x08003760        0x0
 .vfp11_veneer  0x08003760        0x0 linker stubs

.v4_bx          0x08003760        0x0
 .v4_bx         0x08003760        0x0 linker stubs

.iplt           0x08003760        0x0
 .iplt          0x08003760        0x0 C:/APP/Corejiankaifa/arm-gnu-toolchain-13.3.rel1-mingw-w64-i686-arm-none-eabi/bin/../lib/gcc/arm-none-eabi/13.3.1/thumb/v7-m/nofp/crtbegin.o

.rodata         0x08003760       0x40
                0x08003760                        . = ALIGN (0x4)
 *(.rodata)
 *(.rodata*)
 .rodata.aPLLMULFactorTable.1
                0x08003760       0x10 CMakeFiles/OpenMos.dir/Drivers/STM32F1xx_HAL_Driver/Src/stm32f1xx_hal_rcc.c.obj
 .rodata.aPredivFactorTable.0
                0x08003770        0x2 CMakeFiles/OpenMos.dir/Drivers/STM32F1xx_HAL_Driver/Src/stm32f1xx_hal_rcc.c.obj
 *fill*         0x08003772        0x2 
 .rodata.aPLLMULFactorTable.1
                0x08003774       0x10 CMakeFiles/OpenMos.dir/Drivers/STM32F1xx_HAL_Driver/Src/stm32f1xx_hal_rcc_ex.c.obj
 .rodata.aPredivFactorTable.0
                0x08003784        0x2 CMakeFiles/OpenMos.dir/Drivers/STM32F1xx_HAL_Driver/Src/stm32f1xx_hal_rcc_ex.c.obj
 *fill*         0x08003786        0x2 
 .rodata.AHBPrescTable
                0x08003788       0x10 CMakeFiles/OpenMos.dir/Core/Src/system_stm32f1xx.c.obj
                0x08003788                AHBPrescTable
 .rodata.APBPrescTable
                0x08003798        0x8 CMakeFiles/OpenMos.dir/Core/Src/system_stm32f1xx.c.obj
                0x08003798                APBPrescTable
                0x080037a0                        . = ALIGN (0x4)

.rel.dyn        0x080037a0        0x0
 .rel.iplt      0x080037a0        0x0 C:/APP/Corejiankaifa/arm-gnu-toolchain-13.3.rel1-mingw-w64-i686-arm-none-eabi/bin/../lib/gcc/arm-none-eabi/13.3.1/thumb/v7-m/nofp/crtbegin.o

.ARM.extab
 *(.ARM.extab* .gnu.linkonce.armextab.*)

.ARM            0x080037a0        0x0
                0x080037a0                        __exidx_start = .
 *(.ARM.exidx*)
                0x080037a0                        __exidx_end = .

.preinit_array  0x080037a0        0x0
                0x080037a0                        PROVIDE (__preinit_array_start = .)
 *(.preinit_array*)
                0x080037a0                        PROVIDE (__preinit_array_end = .)

.init_array     0x080037a0        0x4
                0x080037a0                        PROVIDE (__init_array_start = .)
 *(SORT_BY_NAME(.init_array.*))
 *(.init_array*)
 .init_array    0x080037a0        0x4 C:/APP/Corejiankaifa/arm-gnu-toolchain-13.3.rel1-mingw-w64-i686-arm-none-eabi/bin/../lib/gcc/arm-none-eabi/13.3.1/thumb/v7-m/nofp/crtbegin.o
                0x080037a4                        PROVIDE (__init_array_end = .)

.fini_array     0x080037a4        0x4
                [!provide]                        PROVIDE (__fini_array_start = .)
 *(SORT_BY_NAME(.fini_array.*))
 *(.fini_array*)
 .fini_array    0x080037a4        0x4 C:/APP/Corejiankaifa/arm-gnu-toolchain-13.3.rel1-mingw-w64-i686-arm-none-eabi/bin/../lib/gcc/arm-none-eabi/13.3.1/thumb/v7-m/nofp/crtbegin.o
                [!provide]                        PROVIDE (__fini_array_end = .)
                0x080037a8                        _sidata = LOADADDR (.data)

.data           0x20000000        0xc load address 0x080037a8
                0x20000000                        . = ALIGN (0x4)
                0x20000000                        _sdata = .
 *(.data)
 *(.data*)
 .data.uwTickPrio
                0x20000000        0x4 CMakeFiles/OpenMos.dir/Drivers/STM32F1xx_HAL_Driver/Src/stm32f1xx_hal.c.obj
                0x20000000                uwTickPrio
 .data.uwTickFreq
                0x20000004        0x1 CMakeFiles/OpenMos.dir/Drivers/STM32F1xx_HAL_Driver/Src/stm32f1xx_hal.c.obj
                0x20000004                uwTickFreq
 *fill*         0x20000005        0x3 
 .data.SystemCoreClock
                0x20000008        0x4 CMakeFiles/OpenMos.dir/Core/Src/system_stm32f1xx.c.obj
                0x20000008                SystemCoreClock
                0x2000000c                        . = ALIGN (0x4)
                0x2000000c                        _edata = .

.tm_clone_table
                0x2000000c        0x0 load address 0x080037b4
 .tm_clone_table
                0x2000000c        0x0 C:/APP/Corejiankaifa/arm-gnu-toolchain-13.3.rel1-mingw-w64-i686-arm-none-eabi/bin/../lib/gcc/arm-none-eabi/13.3.1/thumb/v7-m/nofp/crtbegin.o
 .tm_clone_table
                0x2000000c        0x0 C:/APP/Corejiankaifa/arm-gnu-toolchain-13.3.rel1-mingw-w64-i686-arm-none-eabi/bin/../lib/gcc/arm-none-eabi/13.3.1/thumb/v7-m/nofp/crtend.o

.igot.plt       0x2000000c        0x0 load address 0x080037b4
 .igot.plt      0x2000000c        0x0 C:/APP/Corejiankaifa/arm-gnu-toolchain-13.3.rel1-mingw-w64-i686-arm-none-eabi/bin/../lib/gcc/arm-none-eabi/13.3.1/thumb/v7-m/nofp/crtbegin.o
                0x2000000c                        . = ALIGN (0x4)

.bss            0x2000000c       0xf8 load address 0x080037b4
                0x2000000c                        _sbss = .
                0x2000000c                        __bss_start__ = _sbss
 *(.bss)
 *(.bss*)
 .bss.completed.1
                0x2000000c        0x1 C:/APP/Corejiankaifa/arm-gnu-toolchain-13.3.rel1-mingw-w64-i686-arm-none-eabi/bin/../lib/gcc/arm-none-eabi/13.3.1/thumb/v7-m/nofp/crtbegin.o
 *fill*         0x2000000d        0x3 
 .bss.object.0  0x20000010       0x18 C:/APP/Corejiankaifa/arm-gnu-toolchain-13.3.rel1-mingw-w64-i686-arm-none-eabi/bin/../lib/gcc/arm-none-eabi/13.3.1/thumb/v7-m/nofp/crtbegin.o
 .bss.my_adc_value
                0x20000028       0x58 CMakeFiles/OpenMos.dir/User/Function.c.obj
                0x20000028                my_adc_value
 .bss.Mos       0x20000080        0xc CMakeFiles/OpenMos.dir/User/Function.c.obj
                0x20000080                Mos
 .bss.hadc1     0x2000008c       0x30 CMakeFiles/OpenMos.dir/Core/Src/adc.c.obj
                0x2000008c                hadc1
 .bss.hdma_adc1
                0x200000bc       0x44 CMakeFiles/OpenMos.dir/Core/Src/adc.c.obj
                0x200000bc                hdma_adc1
 .bss.uwTick    0x20000100        0x4 CMakeFiles/OpenMos.dir/Drivers/STM32F1xx_HAL_Driver/Src/stm32f1xx_hal.c.obj
                0x20000100                uwTick
 *(COMMON)
                0x20000104                        . = ALIGN (0x4)
                0x20000104                        _ebss = .
                0x20000104                        __bss_end__ = _ebss

._user_heap_stack
                0x20000104      0x604 load address 0x080037b4
                0x20000108                        . = ALIGN (0x8)
 *fill*         0x20000104        0x4 
                [!provide]                        PROVIDE (end = .)
                0x20000108                        PROVIDE (_end = .)
                0x20000308                        . = (. + _Min_Heap_Size)
 *fill*         0x20000108      0x200 
                0x20000708                        . = (. + _Min_Stack_Size)
 *fill*         0x20000308      0x400 
                0x20000708                        . = ALIGN (0x8)

/DISCARD/
 libc.a(*)
 libm.a(*)
 libgcc.a(*)

.ARM.attributes
                0x00000000       0x29
 *(.ARM.attributes)
 .ARM.attributes
                0x00000000       0x1d C:/APP/Corejiankaifa/arm-gnu-toolchain-13.3.rel1-mingw-w64-i686-arm-none-eabi/bin/../lib/gcc/arm-none-eabi/13.3.1/thumb/v7-m/nofp/crti.o
 .ARM.attributes
                0x0000001d       0x2d C:/APP/Corejiankaifa/arm-gnu-toolchain-13.3.rel1-mingw-w64-i686-arm-none-eabi/bin/../lib/gcc/arm-none-eabi/13.3.1/thumb/v7-m/nofp/crtbegin.o
 .ARM.attributes
                0x0000004a       0x2d C:/APP/Corejiankaifa/arm-gnu-toolchain-13.3.rel1-mingw-w64-i686-arm-none-eabi/bin/../lib/gcc/arm-none-eabi/13.3.1/thumb/v7-m/nofp\libc_nano.a(libc_a-memset.o)
 .ARM.attributes
                0x00000077       0x2d C:/APP/Corejiankaifa/arm-gnu-toolchain-13.3.rel1-mingw-w64-i686-arm-none-eabi/bin/../lib/gcc/arm-none-eabi/13.3.1/thumb/v7-m/nofp\libc_nano.a(libc_a-init.o)
 .ARM.attributes
                0x000000a4       0x2d CMakeFiles/OpenMos.dir/User/Function.c.obj
 .ARM.attributes
                0x000000d1       0x2d CMakeFiles/OpenMos.dir/Core/Src/main.c.obj
 .ARM.attributes
                0x000000fe       0x2d CMakeFiles/OpenMos.dir/Core/Src/gpio.c.obj
 .ARM.attributes
                0x0000012b       0x2d CMakeFiles/OpenMos.dir/Core/Src/adc.c.obj
 .ARM.attributes
                0x00000158       0x2d CMakeFiles/OpenMos.dir/Core/Src/dma.c.obj
 .ARM.attributes
                0x00000185       0x2d CMakeFiles/OpenMos.dir/Core/Src/stm32f1xx_it.c.obj
 .ARM.attributes
                0x000001b2       0x2d CMakeFiles/OpenMos.dir/Core/Src/stm32f1xx_hal_msp.c.obj
 .ARM.attributes
                0x000001df       0x2d CMakeFiles/OpenMos.dir/Drivers/STM32F1xx_HAL_Driver/Src/stm32f1xx_hal_adc.c.obj
 .ARM.attributes
                0x0000020c       0x2d CMakeFiles/OpenMos.dir/Drivers/STM32F1xx_HAL_Driver/Src/stm32f1xx_hal_adc_ex.c.obj
 .ARM.attributes
                0x00000239       0x2d CMakeFiles/OpenMos.dir/Drivers/STM32F1xx_HAL_Driver/Src/stm32f1xx_hal.c.obj
 .ARM.attributes
                0x00000266       0x2d CMakeFiles/OpenMos.dir/Drivers/STM32F1xx_HAL_Driver/Src/stm32f1xx_hal_rcc.c.obj
 .ARM.attributes
                0x00000293       0x2d CMakeFiles/OpenMos.dir/Drivers/STM32F1xx_HAL_Driver/Src/stm32f1xx_hal_rcc_ex.c.obj
 .ARM.attributes
                0x000002c0       0x2d CMakeFiles/OpenMos.dir/Drivers/STM32F1xx_HAL_Driver/Src/stm32f1xx_hal_gpio.c.obj
 .ARM.attributes
                0x000002ed       0x2d CMakeFiles/OpenMos.dir/Drivers/STM32F1xx_HAL_Driver/Src/stm32f1xx_hal_dma.c.obj
 .ARM.attributes
                0x0000031a       0x2d CMakeFiles/OpenMos.dir/Drivers/STM32F1xx_HAL_Driver/Src/stm32f1xx_hal_cortex.c.obj
 .ARM.attributes
                0x00000347       0x2d CMakeFiles/OpenMos.dir/Core/Src/system_stm32f1xx.c.obj
 .ARM.attributes
                0x00000374       0x21 CMakeFiles/OpenMos.dir/startup_stm32f103xb.s.obj
 .ARM.attributes
                0x00000395       0x1d C:/APP/Corejiankaifa/arm-gnu-toolchain-13.3.rel1-mingw-w64-i686-arm-none-eabi/bin/../lib/gcc/arm-none-eabi/13.3.1/thumb/v7-m/nofp\libgcc.a(_arm_addsubdf3.o)
 .ARM.attributes
                0x000003b2       0x1d C:/APP/Corejiankaifa/arm-gnu-toolchain-13.3.rel1-mingw-w64-i686-arm-none-eabi/bin/../lib/gcc/arm-none-eabi/13.3.1/thumb/v7-m/nofp\libgcc.a(_arm_muldivdf3.o)
 .ARM.attributes
                0x000003cf       0x1d C:/APP/Corejiankaifa/arm-gnu-toolchain-13.3.rel1-mingw-w64-i686-arm-none-eabi/bin/../lib/gcc/arm-none-eabi/13.3.1/thumb/v7-m/nofp\libgcc.a(_arm_truncdfsf2.o)
 .ARM.attributes
                0x000003ec       0x1d C:/APP/Corejiankaifa/arm-gnu-toolchain-13.3.rel1-mingw-w64-i686-arm-none-eabi/bin/../lib/gcc/arm-none-eabi/13.3.1/thumb/v7-m/nofp\libgcc.a(_arm_addsubsf3.o)
 .ARM.attributes
                0x00000409       0x1d C:/APP/Corejiankaifa/arm-gnu-toolchain-13.3.rel1-mingw-w64-i686-arm-none-eabi/bin/../lib/gcc/arm-none-eabi/13.3.1/thumb/v7-m/nofp\libgcc.a(_arm_muldivsf3.o)
 .ARM.attributes
                0x00000426       0x1d C:/APP/Corejiankaifa/arm-gnu-toolchain-13.3.rel1-mingw-w64-i686-arm-none-eabi/bin/../lib/gcc/arm-none-eabi/13.3.1/thumb/v7-m/nofp\libgcc.a(_arm_cmpsf2.o)
 .ARM.attributes
                0x00000443       0x2d C:/APP/Corejiankaifa/arm-gnu-toolchain-13.3.rel1-mingw-w64-i686-arm-none-eabi/bin/../lib/gcc/arm-none-eabi/13.3.1/thumb/v7-m/nofp/crtend.o
 .ARM.attributes
                0x00000470       0x1d C:/APP/Corejiankaifa/arm-gnu-toolchain-13.3.rel1-mingw-w64-i686-arm-none-eabi/bin/../lib/gcc/arm-none-eabi/13.3.1/thumb/v7-m/nofp/crtn.o
OUTPUT(OpenMos.elf elf32-littlearm)
LOAD linker stubs
LOAD C:/APP/Corejiankaifa/arm-gnu-toolchain-13.3.rel1-mingw-w64-i686-arm-none-eabi/bin/../lib/gcc/arm-none-eabi/13.3.1/thumb/v7-m/nofp\libc.a
LOAD C:/APP/Corejiankaifa/arm-gnu-toolchain-13.3.rel1-mingw-w64-i686-arm-none-eabi/bin/../lib/gcc/arm-none-eabi/13.3.1/thumb/v7-m/nofp\libm.a
LOAD C:/APP/Corejiankaifa/arm-gnu-toolchain-13.3.rel1-mingw-w64-i686-arm-none-eabi/bin/../lib/gcc/arm-none-eabi/13.3.1/thumb/v7-m/nofp\libgcc.a

.debug_frame    0x00000000     0x1a40
 .debug_frame   0x00000000       0x20 C:/APP/Corejiankaifa/arm-gnu-toolchain-13.3.rel1-mingw-w64-i686-arm-none-eabi/bin/../lib/gcc/arm-none-eabi/13.3.1/thumb/v7-m/nofp\libc_nano.a(libc_a-memset.o)
 .debug_frame   0x00000020       0x2c C:/APP/Corejiankaifa/arm-gnu-toolchain-13.3.rel1-mingw-w64-i686-arm-none-eabi/bin/../lib/gcc/arm-none-eabi/13.3.1/thumb/v7-m/nofp\libc_nano.a(libc_a-init.o)
 .debug_frame   0x0000004c      0x138 CMakeFiles/OpenMos.dir/User/Function.c.obj
 .debug_frame   0x00000184       0x68 CMakeFiles/OpenMos.dir/Core/Src/main.c.obj
 .debug_frame   0x000001ec       0x34 CMakeFiles/OpenMos.dir/Core/Src/gpio.c.obj
 .debug_frame   0x00000220       0x7c CMakeFiles/OpenMos.dir/Core/Src/adc.c.obj
 .debug_frame   0x0000029c       0x34 CMakeFiles/OpenMos.dir/Core/Src/dma.c.obj
 .debug_frame   0x000002d0      0x120 CMakeFiles/OpenMos.dir/Core/Src/stm32f1xx_it.c.obj
 .debug_frame   0x000003f0       0x38 CMakeFiles/OpenMos.dir/Core/Src/stm32f1xx_hal_msp.c.obj
 .debug_frame   0x00000428      0x40c CMakeFiles/OpenMos.dir/Drivers/STM32F1xx_HAL_Driver/Src/stm32f1xx_hal_adc.c.obj
 .debug_frame   0x00000834      0x200 CMakeFiles/OpenMos.dir/Drivers/STM32F1xx_HAL_Driver/Src/stm32f1xx_hal_adc_ex.c.obj
 .debug_frame   0x00000a34      0x334 CMakeFiles/OpenMos.dir/Drivers/STM32F1xx_HAL_Driver/Src/stm32f1xx_hal.c.obj
 .debug_frame   0x00000d68      0x218 CMakeFiles/OpenMos.dir/Drivers/STM32F1xx_HAL_Driver/Src/stm32f1xx_hal_rcc.c.obj
 .debug_frame   0x00000f80       0x80 CMakeFiles/OpenMos.dir/Drivers/STM32F1xx_HAL_Driver/Src/stm32f1xx_hal_rcc_ex.c.obj
 .debug_frame   0x00001000      0x14c CMakeFiles/OpenMos.dir/Drivers/STM32F1xx_HAL_Driver/Src/stm32f1xx_hal_gpio.c.obj
 .debug_frame   0x0000114c      0x208 CMakeFiles/OpenMos.dir/Drivers/STM32F1xx_HAL_Driver/Src/stm32f1xx_hal_dma.c.obj
 .debug_frame   0x00001354      0x428 CMakeFiles/OpenMos.dir/Drivers/STM32F1xx_HAL_Driver/Src/stm32f1xx_hal_cortex.c.obj
 .debug_frame   0x0000177c       0x58 CMakeFiles/OpenMos.dir/Core/Src/system_stm32f1xx.c.obj
 .debug_frame   0x000017d4       0xac C:/APP/Corejiankaifa/arm-gnu-toolchain-13.3.rel1-mingw-w64-i686-arm-none-eabi/bin/../lib/gcc/arm-none-eabi/13.3.1/thumb/v7-m/nofp\libgcc.a(_arm_addsubdf3.o)
 .debug_frame   0x00001880       0x50 C:/APP/Corejiankaifa/arm-gnu-toolchain-13.3.rel1-mingw-w64-i686-arm-none-eabi/bin/../lib/gcc/arm-none-eabi/13.3.1/thumb/v7-m/nofp\libgcc.a(_arm_muldivdf3.o)
 .debug_frame   0x000018d0       0x24 C:/APP/Corejiankaifa/arm-gnu-toolchain-13.3.rel1-mingw-w64-i686-arm-none-eabi/bin/../lib/gcc/arm-none-eabi/13.3.1/thumb/v7-m/nofp\libgcc.a(_arm_truncdfsf2.o)
 .debug_frame   0x000018f4       0x4c C:/APP/Corejiankaifa/arm-gnu-toolchain-13.3.rel1-mingw-w64-i686-arm-none-eabi/bin/../lib/gcc/arm-none-eabi/13.3.1/thumb/v7-m/nofp\libgcc.a(_arm_addsubsf3.o)
 .debug_frame   0x00001940       0x38 C:/APP/Corejiankaifa/arm-gnu-toolchain-13.3.rel1-mingw-w64-i686-arm-none-eabi/bin/../lib/gcc/arm-none-eabi/13.3.1/thumb/v7-m/nofp\libgcc.a(_arm_muldivsf3.o)
 .debug_frame   0x00001978       0xc8 C:/APP/Corejiankaifa/arm-gnu-toolchain-13.3.rel1-mingw-w64-i686-arm-none-eabi/bin/../lib/gcc/arm-none-eabi/13.3.1/thumb/v7-m/nofp\libgcc.a(_arm_cmpsf2.o)

.debug_info     0x00000000     0x6862
 .debug_info    0x00000000      0x9b2 CMakeFiles/OpenMos.dir/User/Function.c.obj
 .debug_info    0x000009b2      0x990 CMakeFiles/OpenMos.dir/Core/Src/main.c.obj
 .debug_info    0x00001342      0x2b7 CMakeFiles/OpenMos.dir/Core/Src/gpio.c.obj
 .debug_info    0x000015f9      0x7fc CMakeFiles/OpenMos.dir/Core/Src/adc.c.obj
 .debug_info    0x00001df5      0x2cf CMakeFiles/OpenMos.dir/Core/Src/dma.c.obj
 .debug_info    0x000020c4      0x35e CMakeFiles/OpenMos.dir/Core/Src/stm32f1xx_it.c.obj
 .debug_info    0x00002422      0x1f1 CMakeFiles/OpenMos.dir/Core/Src/stm32f1xx_hal_msp.c.obj
 .debug_info    0x00002613      0xc50 CMakeFiles/OpenMos.dir/Drivers/STM32F1xx_HAL_Driver/Src/stm32f1xx_hal_adc.c.obj
 .debug_info    0x00003263      0xa10 CMakeFiles/OpenMos.dir/Drivers/STM32F1xx_HAL_Driver/Src/stm32f1xx_hal_adc_ex.c.obj
 .debug_info    0x00003c73      0x704 CMakeFiles/OpenMos.dir/Drivers/STM32F1xx_HAL_Driver/Src/stm32f1xx_hal.c.obj
 .debug_info    0x00004377      0x7d5 CMakeFiles/OpenMos.dir/Drivers/STM32F1xx_HAL_Driver/Src/stm32f1xx_hal_rcc.c.obj
 .debug_info    0x00004b4c      0x3c0 CMakeFiles/OpenMos.dir/Drivers/STM32F1xx_HAL_Driver/Src/stm32f1xx_hal_rcc_ex.c.obj
 .debug_info    0x00004f0c      0x5ab CMakeFiles/OpenMos.dir/Drivers/STM32F1xx_HAL_Driver/Src/stm32f1xx_hal_gpio.c.obj
 .debug_info    0x000054b7      0x6d2 CMakeFiles/OpenMos.dir/Drivers/STM32F1xx_HAL_Driver/Src/stm32f1xx_hal_dma.c.obj
 .debug_info    0x00005b89      0xa87 CMakeFiles/OpenMos.dir/Drivers/STM32F1xx_HAL_Driver/Src/stm32f1xx_hal_cortex.c.obj
 .debug_info    0x00006610      0x222 CMakeFiles/OpenMos.dir/Core/Src/system_stm32f1xx.c.obj
 .debug_info    0x00006832       0x30 CMakeFiles/OpenMos.dir/startup_stm32f103xb.s.obj

.debug_abbrev   0x00000000     0x1d9e
 .debug_abbrev  0x00000000      0x21b CMakeFiles/OpenMos.dir/User/Function.c.obj
 .debug_abbrev  0x0000021b      0x233 CMakeFiles/OpenMos.dir/Core/Src/main.c.obj
 .debug_abbrev  0x0000044e      0x13f CMakeFiles/OpenMos.dir/Core/Src/gpio.c.obj
 .debug_abbrev  0x0000058d      0x1f2 CMakeFiles/OpenMos.dir/Core/Src/adc.c.obj
 .debug_abbrev  0x0000077f       0xfc CMakeFiles/OpenMos.dir/Core/Src/dma.c.obj
 .debug_abbrev  0x0000087b      0x16e CMakeFiles/OpenMos.dir/Core/Src/stm32f1xx_it.c.obj
 .debug_abbrev  0x000009e9       0xdb CMakeFiles/OpenMos.dir/Core/Src/stm32f1xx_hal_msp.c.obj
 .debug_abbrev  0x00000ac4      0x225 CMakeFiles/OpenMos.dir/Drivers/STM32F1xx_HAL_Driver/Src/stm32f1xx_hal_adc.c.obj
 .debug_abbrev  0x00000ce9      0x249 CMakeFiles/OpenMos.dir/Drivers/STM32F1xx_HAL_Driver/Src/stm32f1xx_hal_adc_ex.c.obj
 .debug_abbrev  0x00000f32      0x201 CMakeFiles/OpenMos.dir/Drivers/STM32F1xx_HAL_Driver/Src/stm32f1xx_hal.c.obj
 .debug_abbrev  0x00001133      0x2b3 CMakeFiles/OpenMos.dir/Drivers/STM32F1xx_HAL_Driver/Src/stm32f1xx_hal_rcc.c.obj
 .debug_abbrev  0x000013e6      0x188 CMakeFiles/OpenMos.dir/Drivers/STM32F1xx_HAL_Driver/Src/stm32f1xx_hal_rcc_ex.c.obj
 .debug_abbrev  0x0000156e      0x1ca CMakeFiles/OpenMos.dir/Drivers/STM32F1xx_HAL_Driver/Src/stm32f1xx_hal_gpio.c.obj
 .debug_abbrev  0x00001738      0x20b CMakeFiles/OpenMos.dir/Drivers/STM32F1xx_HAL_Driver/Src/stm32f1xx_hal_dma.c.obj
 .debug_abbrev  0x00001943      0x2f8 CMakeFiles/OpenMos.dir/Drivers/STM32F1xx_HAL_Driver/Src/stm32f1xx_hal_cortex.c.obj
 .debug_abbrev  0x00001c3b      0x13f CMakeFiles/OpenMos.dir/Core/Src/system_stm32f1xx.c.obj
 .debug_abbrev  0x00001d7a       0x24 CMakeFiles/OpenMos.dir/startup_stm32f103xb.s.obj

.debug_aranges  0x00000000      0x6b8
 .debug_aranges
                0x00000000       0x58 CMakeFiles/OpenMos.dir/User/Function.c.obj
 .debug_aranges
                0x00000058       0x30 CMakeFiles/OpenMos.dir/Core/Src/main.c.obj
 .debug_aranges
                0x00000088       0x20 CMakeFiles/OpenMos.dir/Core/Src/gpio.c.obj
 .debug_aranges
                0x000000a8       0x30 CMakeFiles/OpenMos.dir/Core/Src/adc.c.obj
 .debug_aranges
                0x000000d8       0x20 CMakeFiles/OpenMos.dir/Core/Src/dma.c.obj
 .debug_aranges
                0x000000f8       0x68 CMakeFiles/OpenMos.dir/Core/Src/stm32f1xx_it.c.obj
 .debug_aranges
                0x00000160       0x20 CMakeFiles/OpenMos.dir/Core/Src/stm32f1xx_hal_msp.c.obj
 .debug_aranges
                0x00000180       0xf0 CMakeFiles/OpenMos.dir/Drivers/STM32F1xx_HAL_Driver/Src/stm32f1xx_hal_adc.c.obj
 .debug_aranges
                0x00000270       0x80 CMakeFiles/OpenMos.dir/Drivers/STM32F1xx_HAL_Driver/Src/stm32f1xx_hal_adc_ex.c.obj
 .debug_aranges
                0x000002f0       0xe0 CMakeFiles/OpenMos.dir/Drivers/STM32F1xx_HAL_Driver/Src/stm32f1xx_hal.c.obj
 .debug_aranges
                0x000003d0       0x90 CMakeFiles/OpenMos.dir/Drivers/STM32F1xx_HAL_Driver/Src/stm32f1xx_hal_rcc.c.obj
 .debug_aranges
                0x00000460       0x30 CMakeFiles/OpenMos.dir/Drivers/STM32F1xx_HAL_Driver/Src/stm32f1xx_hal_rcc_ex.c.obj
 .debug_aranges
                0x00000490       0x58 CMakeFiles/OpenMos.dir/Drivers/STM32F1xx_HAL_Driver/Src/stm32f1xx_hal_gpio.c.obj
 .debug_aranges
                0x000004e8       0x80 CMakeFiles/OpenMos.dir/Drivers/STM32F1xx_HAL_Driver/Src/stm32f1xx_hal_dma.c.obj
 .debug_aranges
                0x00000568      0x100 CMakeFiles/OpenMos.dir/Drivers/STM32F1xx_HAL_Driver/Src/stm32f1xx_hal_cortex.c.obj
 .debug_aranges
                0x00000668       0x28 CMakeFiles/OpenMos.dir/Core/Src/system_stm32f1xx.c.obj
 .debug_aranges
                0x00000690       0x28 CMakeFiles/OpenMos.dir/startup_stm32f103xb.s.obj

.debug_rnglists
                0x00000000      0x4e6
 .debug_rnglists
                0x00000000       0x40 CMakeFiles/OpenMos.dir/User/Function.c.obj
 .debug_rnglists
                0x00000040       0x20 CMakeFiles/OpenMos.dir/Core/Src/main.c.obj
 .debug_rnglists
                0x00000060       0x14 CMakeFiles/OpenMos.dir/Core/Src/gpio.c.obj
 .debug_rnglists
                0x00000074       0x21 CMakeFiles/OpenMos.dir/Core/Src/adc.c.obj
 .debug_rnglists
                0x00000095       0x13 CMakeFiles/OpenMos.dir/Core/Src/dma.c.obj
 .debug_rnglists
                0x000000a8       0x49 CMakeFiles/OpenMos.dir/Core/Src/stm32f1xx_it.c.obj
 .debug_rnglists
                0x000000f1       0x13 CMakeFiles/OpenMos.dir/Core/Src/stm32f1xx_hal_msp.c.obj
 .debug_rnglists
                0x00000104       0xbc CMakeFiles/OpenMos.dir/Drivers/STM32F1xx_HAL_Driver/Src/stm32f1xx_hal_adc.c.obj
 .debug_rnglists
                0x000001c0       0x65 CMakeFiles/OpenMos.dir/Drivers/STM32F1xx_HAL_Driver/Src/stm32f1xx_hal_adc_ex.c.obj
 .debug_rnglists
                0x00000225       0xa3 CMakeFiles/OpenMos.dir/Drivers/STM32F1xx_HAL_Driver/Src/stm32f1xx_hal.c.obj
 .debug_rnglists
                0x000002c8       0x6c CMakeFiles/OpenMos.dir/Drivers/STM32F1xx_HAL_Driver/Src/stm32f1xx_hal_rcc.c.obj
 .debug_rnglists
                0x00000334       0x21 CMakeFiles/OpenMos.dir/Drivers/STM32F1xx_HAL_Driver/Src/stm32f1xx_hal_rcc_ex.c.obj
 .debug_rnglists
                0x00000355       0x3f CMakeFiles/OpenMos.dir/Drivers/STM32F1xx_HAL_Driver/Src/stm32f1xx_hal_gpio.c.obj
 .debug_rnglists
                0x00000394       0x64 CMakeFiles/OpenMos.dir/Drivers/STM32F1xx_HAL_Driver/Src/stm32f1xx_hal_dma.c.obj
 .debug_rnglists
                0x000003f8       0xbb CMakeFiles/OpenMos.dir/Drivers/STM32F1xx_HAL_Driver/Src/stm32f1xx_hal_cortex.c.obj
 .debug_rnglists
                0x000004b3       0x1a CMakeFiles/OpenMos.dir/Core/Src/system_stm32f1xx.c.obj
 .debug_rnglists
                0x000004cd       0x19 CMakeFiles/OpenMos.dir/startup_stm32f103xb.s.obj

.debug_macro    0x00000000    0x16e20
 .debug_macro   0x00000000      0x1c5 CMakeFiles/OpenMos.dir/User/Function.c.obj
 .debug_macro   0x000001c5      0xacc CMakeFiles/OpenMos.dir/User/Function.c.obj
 .debug_macro   0x00000c91      0x21b CMakeFiles/OpenMos.dir/User/Function.c.obj
 .debug_macro   0x00000eac       0x2e CMakeFiles/OpenMos.dir/User/Function.c.obj
 .debug_macro   0x00000eda       0x22 CMakeFiles/OpenMos.dir/User/Function.c.obj
 .debug_macro   0x00000efc       0x22 CMakeFiles/OpenMos.dir/User/Function.c.obj
 .debug_macro   0x00000f1e       0x8e CMakeFiles/OpenMos.dir/User/Function.c.obj
 .debug_macro   0x00000fac       0x51 CMakeFiles/OpenMos.dir/User/Function.c.obj
 .debug_macro   0x00000ffd      0x103 CMakeFiles/OpenMos.dir/User/Function.c.obj
 .debug_macro   0x00001100       0x6a CMakeFiles/OpenMos.dir/User/Function.c.obj
 .debug_macro   0x0000116a      0x1df CMakeFiles/OpenMos.dir/User/Function.c.obj
 .debug_macro   0x00001349       0x1c CMakeFiles/OpenMos.dir/User/Function.c.obj
 .debug_macro   0x00001365       0x22 CMakeFiles/OpenMos.dir/User/Function.c.obj
 .debug_macro   0x00001387       0xbd CMakeFiles/OpenMos.dir/User/Function.c.obj
 .debug_macro   0x00001444      0xd23 CMakeFiles/OpenMos.dir/User/Function.c.obj
 .debug_macro   0x00002167     0xe09e CMakeFiles/OpenMos.dir/User/Function.c.obj
 .debug_macro   0x00010205       0x6d CMakeFiles/OpenMos.dir/User/Function.c.obj
 .debug_macro   0x00010272     0x34a2 CMakeFiles/OpenMos.dir/User/Function.c.obj
 .debug_macro   0x00013714      0x190 CMakeFiles/OpenMos.dir/User/Function.c.obj
 .debug_macro   0x000138a4       0x5c CMakeFiles/OpenMos.dir/User/Function.c.obj
 .debug_macro   0x00013900      0x5bc CMakeFiles/OpenMos.dir/User/Function.c.obj
 .debug_macro   0x00013ebc      0x289 CMakeFiles/OpenMos.dir/User/Function.c.obj
 .debug_macro   0x00014145      0x1cb CMakeFiles/OpenMos.dir/User/Function.c.obj
 .debug_macro   0x00014310      0x114 CMakeFiles/OpenMos.dir/User/Function.c.obj
 .debug_macro   0x00014424      0x1b2 CMakeFiles/OpenMos.dir/User/Function.c.obj
 .debug_macro   0x000145d6       0x27 CMakeFiles/OpenMos.dir/User/Function.c.obj
 .debug_macro   0x000145fd      0x136 CMakeFiles/OpenMos.dir/User/Function.c.obj
 .debug_macro   0x00014733      0x1bc CMakeFiles/OpenMos.dir/User/Function.c.obj
 .debug_macro   0x000148ef       0x34 CMakeFiles/OpenMos.dir/User/Function.c.obj
 .debug_macro   0x00014923       0x3c CMakeFiles/OpenMos.dir/User/Function.c.obj
 .debug_macro   0x0001495f       0x57 CMakeFiles/OpenMos.dir/User/Function.c.obj
 .debug_macro   0x000149b6      0x46a CMakeFiles/OpenMos.dir/User/Function.c.obj
 .debug_macro   0x00014e20      0x1b5 CMakeFiles/OpenMos.dir/User/Function.c.obj
 .debug_macro   0x00014fd5       0x87 CMakeFiles/OpenMos.dir/User/Function.c.obj
 .debug_macro   0x0001505c      0x240 CMakeFiles/OpenMos.dir/User/Function.c.obj
 .debug_macro   0x0001529c      0x140 CMakeFiles/OpenMos.dir/User/Function.c.obj
 .debug_macro   0x000153dc       0x83 CMakeFiles/OpenMos.dir/User/Function.c.obj
 .debug_macro   0x0001545f       0x4c CMakeFiles/OpenMos.dir/User/Function.c.obj
 .debug_macro   0x000154ab      0x1d2 CMakeFiles/OpenMos.dir/Core/Src/main.c.obj
 .debug_macro   0x0001567d       0x10 CMakeFiles/OpenMos.dir/Core/Src/main.c.obj
 .debug_macro   0x0001568d      0x1b1 CMakeFiles/OpenMos.dir/Core/Src/gpio.c.obj
 .debug_macro   0x0001583e      0x1b1 CMakeFiles/OpenMos.dir/Core/Src/adc.c.obj
 .debug_macro   0x000159ef      0x1b1 CMakeFiles/OpenMos.dir/Core/Src/dma.c.obj
 .debug_macro   0x00015ba0      0x1b1 CMakeFiles/OpenMos.dir/Core/Src/stm32f1xx_it.c.obj
 .debug_macro   0x00015d51      0x1a7 CMakeFiles/OpenMos.dir/Core/Src/stm32f1xx_hal_msp.c.obj
 .debug_macro   0x00015ef8      0x1b5 CMakeFiles/OpenMos.dir/Drivers/STM32F1xx_HAL_Driver/Src/stm32f1xx_hal_adc.c.obj
 .debug_macro   0x000160ad      0x1aa CMakeFiles/OpenMos.dir/Drivers/STM32F1xx_HAL_Driver/Src/stm32f1xx_hal_adc_ex.c.obj
 .debug_macro   0x00016257      0x1bc CMakeFiles/OpenMos.dir/Drivers/STM32F1xx_HAL_Driver/Src/stm32f1xx_hal.c.obj
 .debug_macro   0x00016413      0x1aa CMakeFiles/OpenMos.dir/Drivers/STM32F1xx_HAL_Driver/Src/stm32f1xx_hal_rcc.c.obj
 .debug_macro   0x000165bd      0x198 CMakeFiles/OpenMos.dir/Drivers/STM32F1xx_HAL_Driver/Src/stm32f1xx_hal_rcc_ex.c.obj
 .debug_macro   0x00016755      0x203 CMakeFiles/OpenMos.dir/Drivers/STM32F1xx_HAL_Driver/Src/stm32f1xx_hal_gpio.c.obj
 .debug_macro   0x00016958      0x198 CMakeFiles/OpenMos.dir/Drivers/STM32F1xx_HAL_Driver/Src/stm32f1xx_hal_dma.c.obj
 .debug_macro   0x00016af0      0x198 CMakeFiles/OpenMos.dir/Drivers/STM32F1xx_HAL_Driver/Src/stm32f1xx_hal_cortex.c.obj
 .debug_macro   0x00016c88      0x198 CMakeFiles/OpenMos.dir/Core/Src/system_stm32f1xx.c.obj

.debug_line     0x00000000     0x961a
 .debug_line    0x00000000      0x8dc CMakeFiles/OpenMos.dir/User/Function.c.obj
 .debug_line    0x000008dc      0x766 CMakeFiles/OpenMos.dir/Core/Src/main.c.obj
 .debug_line    0x00001042      0x692 CMakeFiles/OpenMos.dir/Core/Src/gpio.c.obj
 .debug_line    0x000016d4      0x746 CMakeFiles/OpenMos.dir/Core/Src/adc.c.obj
 .debug_line    0x00001e1a      0x667 CMakeFiles/OpenMos.dir/Core/Src/dma.c.obj
 .debug_line    0x00002481      0x732 CMakeFiles/OpenMos.dir/Core/Src/stm32f1xx_it.c.obj
 .debug_line    0x00002bb3      0x66d CMakeFiles/OpenMos.dir/Core/Src/stm32f1xx_hal_msp.c.obj
 .debug_line    0x00003220      0xf40 CMakeFiles/OpenMos.dir/Drivers/STM32F1xx_HAL_Driver/Src/stm32f1xx_hal_adc.c.obj
 .debug_line    0x00004160      0xc62 CMakeFiles/OpenMos.dir/Drivers/STM32F1xx_HAL_Driver/Src/stm32f1xx_hal_adc_ex.c.obj
 .debug_line    0x00004dc2      0x91b CMakeFiles/OpenMos.dir/Drivers/STM32F1xx_HAL_Driver/Src/stm32f1xx_hal.c.obj
 .debug_line    0x000056dd      0xdd4 CMakeFiles/OpenMos.dir/Drivers/STM32F1xx_HAL_Driver/Src/stm32f1xx_hal_rcc.c.obj
 .debug_line    0x000064b1      0x885 CMakeFiles/OpenMos.dir/Drivers/STM32F1xx_HAL_Driver/Src/stm32f1xx_hal_rcc_ex.c.obj
 .debug_line    0x00006d36      0x978 CMakeFiles/OpenMos.dir/Drivers/STM32F1xx_HAL_Driver/Src/stm32f1xx_hal_gpio.c.obj
 .debug_line    0x000076ae      0xd25 CMakeFiles/OpenMos.dir/Drivers/STM32F1xx_HAL_Driver/Src/stm32f1xx_hal_dma.c.obj
 .debug_line    0x000083d3      0xae5 CMakeFiles/OpenMos.dir/Drivers/STM32F1xx_HAL_Driver/Src/stm32f1xx_hal_cortex.c.obj
 .debug_line    0x00008eb8      0x6ea CMakeFiles/OpenMos.dir/Core/Src/system_stm32f1xx.c.obj
 .debug_line    0x000095a2       0x78 CMakeFiles/OpenMos.dir/startup_stm32f103xb.s.obj

.debug_str      0x00000000    0x81a21
 .debug_str     0x00000000    0x81a21 CMakeFiles/OpenMos.dir/User/Function.c.obj
                              0x7fe71 (size before relaxing)
 .debug_str     0x00081a21    0x7ff79 CMakeFiles/OpenMos.dir/Core/Src/main.c.obj
 .debug_str     0x00081a21    0x7f9ae CMakeFiles/OpenMos.dir/Core/Src/gpio.c.obj
 .debug_str     0x00081a21    0x7fd79 CMakeFiles/OpenMos.dir/Core/Src/adc.c.obj
 .debug_str     0x00081a21    0x7fc0c CMakeFiles/OpenMos.dir/Core/Src/dma.c.obj
 .debug_str     0x00081a21    0x7fb6c CMakeFiles/OpenMos.dir/Core/Src/stm32f1xx_it.c.obj
 .debug_str     0x00081a21    0x7f936 CMakeFiles/OpenMos.dir/Core/Src/stm32f1xx_hal_msp.c.obj
 .debug_str     0x00081a21    0x7ff0f CMakeFiles/OpenMos.dir/Drivers/STM32F1xx_HAL_Driver/Src/stm32f1xx_hal_adc.c.obj
 .debug_str     0x00081a21    0x7fedf CMakeFiles/OpenMos.dir/Drivers/STM32F1xx_HAL_Driver/Src/stm32f1xx_hal_adc_ex.c.obj
 .debug_str     0x00081a21    0x7ff5e CMakeFiles/OpenMos.dir/Drivers/STM32F1xx_HAL_Driver/Src/stm32f1xx_hal.c.obj
 .debug_str     0x00081a21    0x7fc5a CMakeFiles/OpenMos.dir/Drivers/STM32F1xx_HAL_Driver/Src/stm32f1xx_hal_rcc.c.obj
 .debug_str     0x00081a21    0x7f9aa CMakeFiles/OpenMos.dir/Drivers/STM32F1xx_HAL_Driver/Src/stm32f1xx_hal_rcc_ex.c.obj
 .debug_str     0x00081a21    0x7fbb1 CMakeFiles/OpenMos.dir/Drivers/STM32F1xx_HAL_Driver/Src/stm32f1xx_hal_gpio.c.obj
 .debug_str     0x00081a21    0x7fbd4 CMakeFiles/OpenMos.dir/Drivers/STM32F1xx_HAL_Driver/Src/stm32f1xx_hal_dma.c.obj
 .debug_str     0x00081a21    0x7feaa CMakeFiles/OpenMos.dir/Drivers/STM32F1xx_HAL_Driver/Src/stm32f1xx_hal_cortex.c.obj
 .debug_str     0x00081a21    0x7f82b CMakeFiles/OpenMos.dir/Core/Src/system_stm32f1xx.c.obj
 .debug_str     0x00081a21       0xaa CMakeFiles/OpenMos.dir/startup_stm32f103xb.s.obj

.comment        0x00000000       0x45
 .comment       0x00000000       0x45 CMakeFiles/OpenMos.dir/User/Function.c.obj
                                 0x46 (size before relaxing)
 .comment       0x00000045       0x46 CMakeFiles/OpenMos.dir/Core/Src/main.c.obj
 .comment       0x00000045       0x46 CMakeFiles/OpenMos.dir/Core/Src/gpio.c.obj
 .comment       0x00000045       0x46 CMakeFiles/OpenMos.dir/Core/Src/adc.c.obj
 .comment       0x00000045       0x46 CMakeFiles/OpenMos.dir/Core/Src/dma.c.obj
 .comment       0x00000045       0x46 CMakeFiles/OpenMos.dir/Core/Src/stm32f1xx_it.c.obj
 .comment       0x00000045       0x46 CMakeFiles/OpenMos.dir/Core/Src/stm32f1xx_hal_msp.c.obj
 .comment       0x00000045       0x46 CMakeFiles/OpenMos.dir/Drivers/STM32F1xx_HAL_Driver/Src/stm32f1xx_hal_adc.c.obj
 .comment       0x00000045       0x46 CMakeFiles/OpenMos.dir/Drivers/STM32F1xx_HAL_Driver/Src/stm32f1xx_hal_adc_ex.c.obj
 .comment       0x00000045       0x46 CMakeFiles/OpenMos.dir/Drivers/STM32F1xx_HAL_Driver/Src/stm32f1xx_hal.c.obj
 .comment       0x00000045       0x46 CMakeFiles/OpenMos.dir/Drivers/STM32F1xx_HAL_Driver/Src/stm32f1xx_hal_rcc.c.obj
 .comment       0x00000045       0x46 CMakeFiles/OpenMos.dir/Drivers/STM32F1xx_HAL_Driver/Src/stm32f1xx_hal_rcc_ex.c.obj
 .comment       0x00000045       0x46 CMakeFiles/OpenMos.dir/Drivers/STM32F1xx_HAL_Driver/Src/stm32f1xx_hal_gpio.c.obj
 .comment       0x00000045       0x46 CMakeFiles/OpenMos.dir/Drivers/STM32F1xx_HAL_Driver/Src/stm32f1xx_hal_dma.c.obj
 .comment       0x00000045       0x46 CMakeFiles/OpenMos.dir/Drivers/STM32F1xx_HAL_Driver/Src/stm32f1xx_hal_cortex.c.obj
 .comment       0x00000045       0x46 CMakeFiles/OpenMos.dir/Core/Src/system_stm32f1xx.c.obj

.debug_line_str
                0x00000000      0x165
 .debug_line_str
                0x00000000      0x165 CMakeFiles/OpenMos.dir/startup_stm32f103xb.s.obj
                                 0x8e (size before relaxing)
 .debug_line_str
                0x00000165       0xca C:/APP/Corejiankaifa/arm-gnu-toolchain-13.3.rel1-mingw-w64-i686-arm-none-eabi/bin/../lib/gcc/arm-none-eabi/13.3.1/thumb/v7-m/nofp\libgcc.a(_arm_addsubdf3.o)
 .debug_line_str
                0x00000165       0xca C:/APP/Corejiankaifa/arm-gnu-toolchain-13.3.rel1-mingw-w64-i686-arm-none-eabi/bin/../lib/gcc/arm-none-eabi/13.3.1/thumb/v7-m/nofp\libgcc.a(_arm_muldivdf3.o)
 .debug_line_str
                0x00000165       0xca C:/APP/Corejiankaifa/arm-gnu-toolchain-13.3.rel1-mingw-w64-i686-arm-none-eabi/bin/../lib/gcc/arm-none-eabi/13.3.1/thumb/v7-m/nofp\libgcc.a(_arm_truncdfsf2.o)
 .debug_line_str
                0x00000165       0xca C:/APP/Corejiankaifa/arm-gnu-toolchain-13.3.rel1-mingw-w64-i686-arm-none-eabi/bin/../lib/gcc/arm-none-eabi/13.3.1/thumb/v7-m/nofp\libgcc.a(_arm_addsubsf3.o)
 .debug_line_str
                0x00000165       0xca C:/APP/Corejiankaifa/arm-gnu-toolchain-13.3.rel1-mingw-w64-i686-arm-none-eabi/bin/../lib/gcc/arm-none-eabi/13.3.1/thumb/v7-m/nofp\libgcc.a(_arm_muldivsf3.o)
 .debug_line_str
                0x00000165       0xca C:/APP/Corejiankaifa/arm-gnu-toolchain-13.3.rel1-mingw-w64-i686-arm-none-eabi/bin/../lib/gcc/arm-none-eabi/13.3.1/thumb/v7-m/nofp\libgcc.a(_arm_cmpsf2.o)
